// Jest Snapshot v1, https://goo.gl/fbAQLP

exports[`example statement 1`] = `
"Statement for BigCo
 Hamlet: $650.00 (55 seats)
 As You Like It: $580.00 (35 seats)
 Othello: $500.00 (40 seats)
Amount owed is $1,730.00
You earned 47 credits
"
`;

exports[`html output 1`] = `
"<div>
  <h1>Statement for BigCo</h1>
  <ol>
      <li>Hamlet: $650.00 (55 seats)</li>
      <li>As You Like It: $580.00 (35 seats)</li>
      <li>Othello: $500.00 (40 seats)</li>
  </ol>
  <div>Amount owed is $1,730.00</div>
  <div>You earned 47 credits</div>
</div>
"
`;

exports[`statement with new play types 1`] = `
"Statement for BigCoII
 Henry V: $676.00 (53 seats)
 As You Like It: $740.00 (55 seats)
Amount owed is $1,416.00
You earned 55 credits
"
`;
